seed=2, time limit 21600s per wheel

    W_13:    15s     407,600 steps        9 feasible sets         0 orders tried  current cost 2
    W_13:    30s     816,600 steps       41 feasible sets         0 orders tried  current cost 4
    W_13:    45s   1,188,400 steps       56 feasible sets         0 orders tried  current cost 5
    W_13:    60s   1,536,000 steps       66 feasible sets         0 orders tried  current cost 2
    W_13:    75s   1,879,200 steps       79 feasible sets         0 orders tried  current cost 1
    W_13:    90s   2,230,000 steps       95 feasible sets         0 orders tried  current cost 1
    W_13:   105s   2,609,800 steps      118 feasible sets         0 orders tried  current cost 3
    W_13:   120s   2,938,800 steps      132 feasible sets         0 orders tried  current cost 2
    W_13:   135s   3,305,200 steps      157 feasible sets         0 orders tried  current cost 6
    W_13:   150s   3,666,400 steps      172 feasible sets         0 orders tried  current cost 4
    W_13:   165s   3,947,800 steps      180 feasible sets         0 orders tried  current cost 4
    W_13:   180s   4,170,400 steps      197 feasible sets         0 orders tried  current cost 2
    W_13:   195s   4,548,600 steps      209 feasible sets         0 orders tried  current cost 2
    W_13:   210s   4,946,800 steps      223 feasible sets         0 orders tried  current cost 3
    W_13:   225s   5,332,600 steps      242 feasible sets         0 orders tried  current cost 2
    W_13:   240s   5,722,000 steps      261 feasible sets         0 orders tried  current cost 8
W_13  PASS      248.1s, 271 feasible sets  (a labeling not in Table 1)
      A = [43, 3, 42, 2, 44, 30, 16, 36, 10, 25, 21, 46]
      B = [1, 34, 50, 20, 9, 8, 6, 77, 4, 7, 15, 74]

1/1 wheels solved and independently verified.
