seed=3, time limit 64800s per wheel

    W_14:    15s     355,800 steps       11 feasible sets         0 orders tried  current cost 2
    W_14:    30s     697,400 steps       12 feasible sets         0 orders tried  current cost 3
    W_14:    45s   1,013,600 steps       18 feasible sets         0 orders tried  current cost 4
    W_14:    60s   1,374,000 steps       22 feasible sets         0 orders tried  current cost 3
    W_14:    75s   1,725,000 steps       25 feasible sets         0 orders tried  current cost 8
    W_14:    90s   2,080,600 steps       28 feasible sets         0 orders tried  current cost 14
    W_14:   105s   2,434,200 steps       28 feasible sets         0 orders tried  current cost 3
    W_14:   120s   2,788,400 steps       29 feasible sets         0 orders tried  current cost 6
    W_14:   135s   3,133,400 steps       32 feasible sets         0 orders tried  current cost 3
    W_14:   150s   3,487,200 steps       38 feasible sets         0 orders tried  current cost 9
    W_14:   165s   3,835,200 steps       39 feasible sets         0 orders tried  current cost 3
    W_14:   180s   4,180,600 steps       40 feasible sets         0 orders tried  current cost 13
    W_14:   195s   4,504,600 steps       43 feasible sets         0 orders tried  current cost 9
    W_14:   210s   4,859,400 steps       46 feasible sets         0 orders tried  current cost 2
    W_14:   225s   5,216,000 steps       47 feasible sets         0 orders tried  current cost 3
    W_14:   240s   5,568,800 steps       47 feasible sets         0 orders tried  current cost 7
    W_14:   255s   5,924,200 steps       57 feasible sets         0 orders tried  current cost 9
    W_14:   270s   6,275,400 steps       59 feasible sets         0 orders tried  current cost 1
    W_14:   285s   6,623,800 steps       59 feasible sets         0 orders tried  current cost 5
    W_14:   300s   6,949,000 steps       61 feasible sets         0 orders tried  current cost 6
    W_14:   315s   7,298,800 steps       62 feasible sets         0 orders tried  current cost 2
    W_14:   330s   7,624,800 steps       63 feasible sets         0 orders tried  current cost 14
    W_14:   345s   7,938,400 steps       66 feasible sets         0 orders tried  current cost 2
    W_14:   360s   8,244,200 steps       70 feasible sets         0 orders tried  current cost 13
    W_14:   375s   8,550,000 steps       70 feasible sets         0 orders tried  current cost 4
    W_14:   390s   8,857,200 steps       72 feasible sets         0 orders tried  current cost 3
    W_14:   405s   9,163,600 steps       72 feasible sets         0 orders tried  current cost 10
    W_14:   420s   9,488,800 steps       72 feasible sets         0 orders tried  current cost 4
    W_14:   435s   9,791,000 steps       73 feasible sets         0 orders tried  current cost 4
    W_14:   450s  10,107,200 steps       75 feasible sets         0 orders tried  current cost 6
    W_14:   465s  10,416,000 steps       80 feasible sets         0 orders tried  current cost 6
