seed=8, time limit 64800s per wheel

    W_14:    15s     355,800 steps        0 feasible sets         0 orders tried  current cost 2
    W_14:    30s     698,800 steps        2 feasible sets         0 orders tried  current cost 1
    W_14:    45s   1,019,600 steps        2 feasible sets         0 orders tried  current cost 4
    W_14:    60s   1,376,600 steps        3 feasible sets         0 orders tried  current cost 3
    W_14:    75s   1,742,600 steps        3 feasible sets         0 orders tried  current cost 9
    W_14:    90s   2,094,800 steps        3 feasible sets         0 orders tried  current cost 1
    W_14:   105s   2,451,400 steps        5 feasible sets         0 orders tried  current cost 4
    W_14:   120s   2,807,200 steps        5 feasible sets         0 orders tried  current cost 7
    W_14:   135s   3,160,200 steps        7 feasible sets         0 orders tried  current cost 12
    W_14:   150s   3,508,200 steps        9 feasible sets         0 orders tried  current cost 7
    W_14:   165s   3,857,200 steps       12 feasible sets         0 orders tried  current cost 4
    W_14:   180s   4,207,200 steps       12 feasible sets         0 orders tried  current cost 4
    W_14:   195s   4,527,600 steps       12 feasible sets         0 orders tried  current cost 3
    W_14:   210s   4,878,200 steps       13 feasible sets         0 orders tried  current cost 2
    W_14:   225s   5,233,600 steps       13 feasible sets         0 orders tried  current cost 2
    W_14:   240s   5,587,000 steps       13 feasible sets         0 orders tried  current cost 6
    W_14:   255s   5,938,400 steps       13 feasible sets         0 orders tried  current cost 4
    W_14:   270s   6,296,400 steps       16 feasible sets         0 orders tried  current cost 2
    W_14:   285s   6,646,000 steps       16 feasible sets         0 orders tried  current cost 9
    W_14:   300s   6,976,400 steps       17 feasible sets         0 orders tried  current cost 2
    W_14:   315s   7,331,400 steps       18 feasible sets         0 orders tried  current cost 2
    W_14:   330s   7,648,400 steps       21 feasible sets         0 orders tried  current cost 6
    W_14:   345s   7,965,000 steps       21 feasible sets         0 orders tried  current cost 11
    W_14:   360s   8,270,000 steps       22 feasible sets         0 orders tried  current cost 4
    W_14:   375s   8,571,800 steps       24 feasible sets         0 orders tried  current cost 3
    W_14:   390s   8,877,200 steps       24 feasible sets         0 orders tried  current cost 3
    W_14:   405s   9,181,800 steps       28 feasible sets         0 orders tried  current cost 12
    W_14:   420s   9,509,200 steps       30 feasible sets         0 orders tried  current cost 6
    W_14:   435s   9,806,400 steps       33 feasible sets         0 orders tried  current cost 9
    W_14:   450s  10,123,200 steps       37 feasible sets         0 orders tried  current cost 7
    W_14:   465s  10,437,200 steps       39 feasible sets         0 orders tried  current cost 4
