seed=1, time limit 64800s per wheel

    W_14:    15s     348,000 steps        1 feasible sets         0 orders tried  current cost 4
    W_14:    30s     691,600 steps        4 feasible sets         0 orders tried  current cost 4
    W_14:    45s   1,013,400 steps        4 feasible sets         0 orders tried  current cost 4
    W_14:    60s   1,365,000 steps        9 feasible sets         0 orders tried  current cost 8
    W_14:    75s   1,716,400 steps       11 feasible sets         0 orders tried  current cost 3
    W_14:    90s   2,070,200 steps       14 feasible sets         0 orders tried  current cost 4
    W_14:   105s   2,430,400 steps       15 feasible sets         0 orders tried  current cost 3
    W_14:   120s   2,784,200 steps       15 feasible sets         0 orders tried  current cost 10
    W_14:   135s   3,140,200 steps       18 feasible sets         0 orders tried  current cost 8
    W_14:   150s   3,492,800 steps       25 feasible sets         0 orders tried  current cost 3
    W_14:   165s   3,842,800 steps       25 feasible sets         0 orders tried  current cost 12
    W_14:   180s   4,190,400 steps       25 feasible sets         0 orders tried  current cost 5
    W_14:   195s   4,512,200 steps       26 feasible sets         0 orders tried  current cost 3
    W_14:   210s   4,857,200 steps       26 feasible sets         0 orders tried  current cost 1
    W_14:   225s   5,217,000 steps       28 feasible sets         0 orders tried  current cost 3
    W_14:   240s   5,575,200 steps       28 feasible sets         0 orders tried  current cost 1
    W_14:   255s   5,924,000 steps       30 feasible sets         0 orders tried  current cost 11
    W_14:   270s   6,279,200 steps       34 feasible sets         0 orders tried  current cost 2
    W_14:   285s   6,627,000 steps       34 feasible sets         0 orders tried  current cost 9
    W_14:   300s   6,955,200 steps       35 feasible sets         0 orders tried  current cost 4
    W_14:   315s   7,305,200 steps       41 feasible sets         0 orders tried  current cost 13
    W_14:   330s   7,622,400 steps       41 feasible sets         0 orders tried  current cost 11
    W_14:   345s   7,934,400 steps       43 feasible sets         0 orders tried  current cost 1
    W_14:   360s   8,234,800 steps       44 feasible sets         0 orders tried  current cost 5
    W_14:   375s   8,540,200 steps       46 feasible sets         0 orders tried  current cost 15
    W_14:   390s   8,842,400 steps       46 feasible sets         0 orders tried  current cost 11
    W_14:   405s   9,145,800 steps       46 feasible sets         0 orders tried  current cost 9
    W_14:   420s   9,470,200 steps       47 feasible sets         0 orders tried  current cost 5
    W_14:   435s   9,771,600 steps       49 feasible sets         0 orders tried  current cost 3
    W_14:   450s  10,096,600 steps       50 feasible sets         0 orders tried  current cost 2
    W_14:   465s  10,398,000 steps       52 feasible sets         0 orders tried  current cost 3
