seed=4, time limit 64800s per wheel

    W_14:    15s     352,400 steps        4 feasible sets         0 orders tried  current cost 2
    W_14:    30s     699,200 steps        5 feasible sets         0 orders tried  current cost 2
    W_14:    45s   1,018,200 steps        8 feasible sets         0 orders tried  current cost 3
    W_14:    60s   1,374,000 steps       13 feasible sets         0 orders tried  current cost 2
    W_14:    75s   1,732,800 steps       18 feasible sets         0 orders tried  current cost 3
    W_14:    90s   2,090,000 steps       20 feasible sets         0 orders tried  current cost 4
    W_14:   105s   2,451,600 steps       20 feasible sets         0 orders tried  current cost 3
    W_14:   120s   2,811,200 steps       23 feasible sets         0 orders tried  current cost 2
    W_14:   135s   3,164,600 steps       24 feasible sets         0 orders tried  current cost 8
    W_14:   150s   3,510,200 steps       27 feasible sets         0 orders tried  current cost 5
    W_14:   165s   3,856,600 steps       28 feasible sets         0 orders tried  current cost 4
    W_14:   180s   4,202,000 steps       29 feasible sets         0 orders tried  current cost 12
    W_14:   195s   4,520,200 steps       29 feasible sets         0 orders tried  current cost 13
    W_14:   210s   4,865,400 steps       33 feasible sets         0 orders tried  current cost 9
    W_14:   225s   5,215,000 steps       33 feasible sets         0 orders tried  current cost 3
    W_14:   240s   5,575,600 steps       33 feasible sets         0 orders tried  current cost 3
    W_14:   255s   5,933,200 steps       37 feasible sets         0 orders tried  current cost 3
    W_14:   270s   6,285,200 steps       37 feasible sets         0 orders tried  current cost 13
    W_14:   285s   6,632,400 steps       40 feasible sets         0 orders tried  current cost 3
    W_14:   300s   6,957,200 steps       41 feasible sets         0 orders tried  current cost 3
    W_14:   315s   7,298,800 steps       41 feasible sets         0 orders tried  current cost 1
    W_14:   330s   7,625,000 steps       41 feasible sets         0 orders tried  current cost 6
    W_14:   345s   7,935,400 steps       43 feasible sets         0 orders tried  current cost 5
    W_14:   360s   8,238,800 steps       43 feasible sets         0 orders tried  current cost 2
    W_14:   375s   8,550,200 steps       47 feasible sets         0 orders tried  current cost 4
    W_14:   390s   8,854,400 steps       51 feasible sets         0 orders tried  current cost 3
    W_14:   405s   9,168,200 steps       51 feasible sets         0 orders tried  current cost 8
    W_14:   420s   9,487,600 steps       56 feasible sets         0 orders tried  current cost 6
    W_14:   435s   9,784,400 steps       57 feasible sets         0 orders tried  current cost 8
    W_14:   450s  10,112,600 steps       57 feasible sets         0 orders tried  current cost 2
    W_14:   465s  10,423,400 steps       57 feasible sets         0 orders tried  current cost 10
